src/pages/Profile.tsx(789,76): error TS2322: Type '{ key: number; project: Project; index: number; onUpdated: () => Promise<void>; }' is not assignable to type 'IntrinsicAttributes & ProjectCardProps'.
  Property 'index' does not exist on type 'IntrinsicAttributes & ProjectCardProps'.
src/pages/Profile.tsx(837,87): error TS2322: Type '{ key: number; project: Project; index: number; onUpdated: () => Promise<void>; }' is not assignable to type 'IntrinsicAttributes & ProjectCardProps'.
  Property 'index' does not exist on type 'IntrinsicAttributes & ProjectCardProps'.
src/pages/Search.tsx(509,78): error TS2322: Type '{ key: number; project: Project; index: number; }' is not assignable to type 'IntrinsicAttributes & ProjectCardProps'.
  Property 'index' does not exist on type 'IntrinsicAttributes & ProjectCardProps'.
src/pages/UserProfile.tsx(702,76): error TS2322: Type '{ key: number; project: Project; index: number; onUpdated: () => Promise<void>; }' is not assignable to type 'IntrinsicAttributes & ProjectCardProps'.
  Property 'index' does not exist on type 'IntrinsicAttributes & ProjectCardProps'.
